// Jest Snapshot v1, https://goo.gl/fbAQLP

exports[`css code 1`] = `
".demo1 {
  display: grid;
  grid-template-columns: 3fr 4fr 3fr;
  grid-template-rows: repeat(8,55px);
  grid-row-gap: 30px;
  grid-column-gap: 30px;
  width: 90vw;
  height: calc(100vh - 30px);
  margin: 30px auto 0;
}

.item {
  padding: 5px;
  border: solid #0b5d9c 1px;
  border-radius: 8px;
}

.item1 {
  grid-area: 1 / 1 / span 4 / span 1;
}

.item2 {
  grid-area: 5 / 1 / span 4 / span 1;
}

.item3 {
  grid-area: 1 / 2 / span 5 / span 1;
}

.item4 {
  grid-area: 6 / 2 / span 3 / span 1;
}

.item5 {
  grid-area: 1 / 3 / span 4 / span 1;
}

.item6 {
  grid-area: 5 / 3 / span 4 / span 1;
}"
`;

exports[`dom code 1`] = `
"<div class=\\"demo1\\">
	<div class=\\"item item1\\"></div>
	<div class=\\"item item2\\"></div>
	<div class=\\"item item3\\"></div>
	<div class=\\"item item4\\"></div>
	<div class=\\"item item5\\"></div>
	<div class=\\"item item6\\"></div>
</div>"
`;
